// Jest Snapshot v1, https://goo.gl/fbAQLP

exports[`TenFrame component renders correctly 1`] = `
<View>
  <View
    style={
      {
        "flexDirection": "row",
        "marginLeft": "auto",
        "marginRight": "auto",
      }
    }
  >
    <View
      style={
        {
          "borderColor": "black",
          "borderWidth": 2,
          "padding": 20,
        }
      }
    >
      <View
        style={
          {
            "alignItems": "center",
            "backgroundColor": "red",
            "borderRadius": 100,
            "height": 25,
            "width": 25,
          }
        }
      />
    </View>
    <View
      style={
        {
          "borderColor": "black",
          "borderWidth": 2,
          "padding": 20,
        }
      }
    >
      <View
        style={
          {
            "alignItems": "center",
            "backgroundColor": "red",
            "borderRadius": 100,
            "height": 25,
            "width": 25,
          }
        }
      />
    </View>
    <View
      style={
        {
          "borderColor": "black",
          "borderWidth": 2,
          "padding": 20,
        }
      }
    >
      <View
        style={
          {
            "alignItems": "center",
            "backgroundColor": "red",
            "borderRadius": 100,
            "height": 25,
            "width": 25,
          }
        }
      />
    </View>
    <View
      style={
        {
          "borderColor": "black",
          "borderWidth": 2,
          "padding": 20,
        }
      }
    >
      <View
        style={
          {
            "alignItems": "center",
            "backgroundColor": "white",
            "borderRadius": 100,
            "height": 25,
            "width": 25,
          }
        }
      />
    </View>
    <View
      style={
        {
          "borderColor": "black",
          "borderWidth": 2,
          "padding": 20,
        }
      }
    >
      <View
        style={
          {
            "alignItems": "center",
            "backgroundColor": "white",
            "borderRadius": 100,
            "height": 25,
            "width": 25,
          }
        }
      />
    </View>
  </View>
  <View
    style={
      {
        "flexDirection": "row",
        "marginLeft": "auto",
        "marginRight": "auto",
      }
    }
  >
    <View
      style={
        {
          "borderColor": "black",
          "borderWidth": 2,
          "padding": 20,
        }
      }
    >
      <View
        style={
          {
            "alignItems": "center",
            "backgroundColor": "white",
            "borderRadius": 100,
            "height": 25,
            "width": 25,
          }
        }
      />
    </View>
    <View
      style={
        {
          "borderColor": "black",
          "borderWidth": 2,
          "padding": 20,
        }
      }
    >
      <View
        style={
          {
            "alignItems": "center",
            "backgroundColor": "blue",
            "borderRadius": 100,
            "height": 25,
            "width": 25,
          }
        }
      />
    </View>
    <View
      style={
        {
          "borderColor": "black",
          "borderWidth": 2,
          "padding": 20,
        }
      }
    >
      <View
        style={
          {
            "alignItems": "center",
            "backgroundColor": "blue",
            "borderRadius": 100,
            "height": 25,
            "width": 25,
          }
        }
      />
    </View>
    <View
      style={
        {
          "borderColor": "black",
          "borderWidth": 2,
          "padding": 20,
        }
      }
    >
      <View
        style={
          {
            "alignItems": "center",
            "backgroundColor": "blue",
            "borderRadius": 100,
            "height": 25,
            "width": 25,
          }
        }
      />
    </View>
    <View
      style={
        {
          "borderColor": "black",
          "borderWidth": 2,
          "padding": 20,
        }
      }
    >
      <View
        style={
          {
            "alignItems": "center",
            "backgroundColor": "blue",
            "borderRadius": 100,
            "height": 25,
            "width": 25,
          }
        }
      />
    </View>
  </View>
</View>
`;
